Nothing to build in platform 'syncBlaze'

10:21:18 **** Build of configuration Debug for project syncMain ****
make all 
'Building file: ../src/helloworld.c'
'Invoking: MicroBlaze gcc compiler'
mb-gcc -Wall -O0 -g3 -c -fmessage-length=0 -MT"src/helloworld.o" -IE:/kevin/myCode/microBlaze100/vitisHome/syncBlaze/export/syncBlaze/sw/syncBlaze/standalone_domain/bspinclude/include -mlittle-endian -mcpu=v11.0 -mxl-soft-mul -Wl,--no-relax -ffunction-sections -fdata-sections -MMD -MP -MF"src/helloworld.d" -MT"src/helloworld.o" -o "src/helloworld.o" "../src/helloworld.c"
In file included from ../src/helloworld.c:28:
E:/kevin/myCode/microBlaze100/vitisHome/syncBlaze/export/syncBlaze/sw/syncBlaze/standalone_domain/bspinclude/include/xbasic_types.h:102:2: warning: #warning The xbasics_type.h file is deprecated and users should use xil_types.h and xil_assert. [-Wcpp]
  102 | #warning  The xbasics_type.h file is deprecated and users should use xil_types.h and xil_assert.
      |  ^~~~~~~
E:/kevin/myCode/microBlaze100/vitisHome/syncBlaze/export/syncBlaze/sw/syncBlaze/standalone_domain/bspinclude/include/xbasic_types.h:103:2: warning: #warning Please refer the Standalone BSP UG647 for further details [-Wcpp]
  103 | #warning  Please refer the Standalone BSP UG647 for further details
      |  ^~~~~~~
../src/helloworld.c:243:5: warning: "/*" within comment [-Wcomment]
  243 |     /*=================================================
      |      
../src/helloworld.c: In function 'ud485RxPrg':
../src/helloworld.c:675:29: warning: unused variable 'kkk' [-Wunused-variable]
  675 |                         int kkk=serialId;
      |                             ^~~
../src/helloworld.c:665:13: warning: unused variable 'para2' [-Wunused-variable]
  665 |         u16 para2 = getBufferWord(&inx, udp->rxBuffer);
      |             ^~~~~
../src/helloworld.c:664:13: warning: unused variable 'para1' [-Wunused-variable]
  664 |         u16 para1 = getBufferWord(&inx, udp->rxBuffer);
      |             ^~~~~
../src/helloworld.c:661:13: warning: unused variable 'len' [-Wunused-variable]
  661 |         u16 len = getBufferWord(&inx, udp->rxBuffer);
      |             ^~~
../src/helloworld.c: In function 'udUartRxPrg':
../src/helloworld.c:805:13: warning: unused variable 'para3' [-Wunused-variable]
  805 |         u16 para3 = getBufferWord(&inx, udp->rxBuffer);
      |             ^~~~~
../src/helloworld.c:803:13: warning: unused variable 'para1' [-Wunused-variable]
  803 |         u16 para1 = getBufferWord(&inx, udp->rxBuffer);
      |             ^~~~~
../src/helloworld.c:801:13: warning: unused variable 'cmd' [-Wunused-variable]
  801 |         u16 cmd = getBufferWord(&inx, udp->rxBuffer);
      |             ^~~
../src/helloworld.c:800:13: warning: unused variable 'cmdLen' [-Wunused-variable]
  800 |         u16 cmdLen = getBufferWord(&inx, udp->rxBuffer);
      |             ^~~~~~
../src/helloworld.c: In function 'udIpcRxPrg':
../src/helloworld.c:1007:21: warning: unused variable 'cmdLen' [-Wunused-variable]
 1007 |                 u16 cmdLen = getBufferWord(&inx, udp->rxBuffer);
      |                     ^~~~~~
../src/helloworld.c:997:12: warning: unused variable 'i8' [-Wunused-variable]
  997 |         u8 i8;
      |            ^~
../src/helloworld.c: In function 'transBram':
../src/helloworld.c:1473:13: warning: unused variable 'debug' [-Wunused-variable]
 1473 |         int debug;
      |             ^~~~~
../src/helloworld.c: In function 'main':
../src/helloworld.c:1780:13: warning: unused variable 'ibuf' [-Wunused-variable]
 1780 |         int ibuf;
      |             ^~~~
../src/helloworld.c: In function 'memTxPrg':
../src/helloworld.c:2043:24: warning: 'return' with a value, in function returning void [-Wreturn-type]
 2043 |                 return 0;
      |                        ^
../src/helloworld.c:2034:6: note: declared here
 2034 | void memTxPrg(UartData *udp){
      |      ^~~~~~~~
../src/helloworld.c: In function 'loadTickDrv':
../src/helloworld.c:2583:13: warning: unused variable 'ibuf' [-Wunused-variable]
 2583 |         int ibuf;
      |             ^~~~
../src/helloworld.c: In function 'loadTickMeter':
../src/helloworld.c:2650:13: warning: unused variable 'ibuf' [-Wunused-variable]
 2650 |         int ibuf;
      |             ^~~~
'Finished building: ../src/helloworld.c'
' '
'Building file: ../src/platform.c'
'Invoking: MicroBlaze gcc compiler'
mb-gcc -Wall -O0 -g3 -c -fmessage-length=0 -MT"src/platform.o" -IE:/kevin/myCode/microBlaze100/vitisHome/syncBlaze/export/syncBlaze/sw/syncBlaze/standalone_domain/bspinclude/include -mlittle-endian -mcpu=v11.0 -mxl-soft-mul -Wl,--no-relax -ffunction-sections -fdata-sections -MMD -MP -MF"src/platform.d" -MT"src/platform.o" -o "src/platform.o" "../src/platform.c"
'Finished building: ../src/platform.c'
' '
'Building target: syncMain.elf'
'Invoking: MicroBlaze gcc linker'
mb-gcc -Wl,-T -Wl,../src/lscript.ld -LE:/kevin/myCode/microBlaze100/vitisHome/syncBlaze/export/syncBlaze/sw/syncBlaze/standalone_domain/bsplib/lib -mlittle-endian -mcpu=v11.0 -mxl-soft-mul -Wl,--no-relax -Wl,--gc-sections -o "syncMain.elf"  ./src/helloworld.o ./src/platform.o   -Wl,--start-group,-lxil,-lgcc,-lc,--end-group
'Finished building target: syncMain.elf'
' '
'Invoking: MicroBlaze Print Size'
mb-size syncMain.elf  |tee "syncMain.elf.size"
   text	   data	    bss	    dec	    hex	filename
  59764	    492	  42672	 102928	  19210	syncMain.elf
'Finished building: syncMain.elf.size'
' '
