Nothing to build in platform 'syncBlaze'

11:28:59 **** Incremental Build of configuration Debug for project syncMain ****
make all 
'Building file: ../src/helloworld.c'
'Invoking: MicroBlaze gcc compiler'
mb-gcc -Wall -O0 -g3 -c -fmessage-length=0 -MT"src/helloworld.o" -IE:/kevin/myCode/microBlaze100/vitisJson/syncBlaze/export/syncBlaze/sw/syncBlaze/standalone_domain/bspinclude/include -mlittle-endian -mcpu=v11.0 -mxl-soft-mul -Wl,--no-relax -ffunction-sections -fdata-sections -MMD -MP -MF"src/helloworld.d" -MT"src/helloworld.o" -o "src/helloworld.o" "../src/helloworld.c"
In file included from ../src/helloworld.c:28:
E:/kevin/myCode/microBlaze100/vitisJson/syncBlaze/export/syncBlaze/sw/syncBlaze/standalone_domain/bspinclude/include/xbasic_types.h:102:2: warning: #warning The xbasics_type.h file is deprecated and users should use xil_types.h and xil_assert. [-Wcpp]
  102 | #warning  The xbasics_type.h file is deprecated and users should use xil_types.h and xil_assert.
      |  ^~~~~~~
E:/kevin/myCode/microBlaze100/vitisJson/syncBlaze/export/syncBlaze/sw/syncBlaze/standalone_domain/bspinclude/include/xbasic_types.h:103:2: warning: #warning Please refer the Standalone BSP UG647 for further details [-Wcpp]
  103 | #warning  Please refer the Standalone BSP UG647 for further details
      |  ^~~~~~~
../src/helloworld.c:243:5: warning: "/*" within comment [-Wcomment]
  243 |     /*=================================================
      |      
../src/helloworld.c: In function 'udRxPrg':
../src/helloworld.c:677:29: warning: unused variable 'kkk' [-Wunused-variable]
  677 |                         int kkk=serialId;
      |                             ^~~
../src/helloworld.c:667:13: warning: unused variable 'para2' [-Wunused-variable]
  667 |         u16 para2 = getBufferWord(&inx, udp->rxBuffer);
      |             ^~~~~
../src/helloworld.c:666:13: warning: unused variable 'para1' [-Wunused-variable]
  666 |         u16 para1 = getBufferWord(&inx, udp->rxBuffer);
      |             ^~~~~
../src/helloworld.c:663:13: warning: unused variable 'len' [-Wunused-variable]
  663 |         u16 len = getBufferWord(&inx, udp->rxBuffer);
      |             ^~~
../src/helloworld.c: In function 'udUartRxPrg':
../src/helloworld.c:841:37: warning: unused variable 'test' [-Wunused-variable]
  841 |                                 int test=1;
      |                                     ^~~~
../src/helloworld.c:836:29: warning: unused variable 'fiberCmdPara' [-Wunused-variable]
  836 |                         int fiberCmdPara=getBufferWord(&inx, udp->rxBuffer);
      |                             ^~~~~~~~~~~~
../src/helloworld.c:808:13: warning: unused variable 'para3' [-Wunused-variable]
  808 |         u16 para3 = getBufferWord(&inx, udp->rxBuffer);
      |             ^~~~~
../src/helloworld.c:806:13: warning: unused variable 'para1' [-Wunused-variable]
  806 |         u16 para1 = getBufferWord(&inx, udp->rxBuffer);
      |             ^~~~~
../src/helloworld.c:804:13: warning: unused variable 'cmd' [-Wunused-variable]
  804 |         u16 cmd = getBufferWord(&inx, udp->rxBuffer);
      |             ^~~
../src/helloworld.c:803:13: warning: unused variable 'cmdLen' [-Wunused-variable]
  803 |         u16 cmdLen = getBufferWord(&inx, udp->rxBuffer);
      |             ^~~~~~
../src/helloworld.c: In function 'udIpcRxPrg':
../src/helloworld.c:1083:21: warning: unused variable 'cmdLen' [-Wunused-variable]
 1083 |                 u16 cmdLen = getBufferWord(&inx, udp->rxBuffer);
      |                     ^~~~~~
../src/helloworld.c:1073:12: warning: unused variable 'i8' [-Wunused-variable]
 1073 |         u8 i8;
      |            ^~
../src/helloworld.c: In function 'transBram':
../src/helloworld.c:1549:13: warning: unused variable 'debug' [-Wunused-variable]
 1549 |         int debug;
      |             ^~~~~
../src/helloworld.c: In function 'main':
../src/helloworld.c:1874:13: warning: unused variable 'ibuf' [-Wunused-variable]
 1874 |         int ibuf;
      |             ^~~~
../src/helloworld.c: In function 'memTxPrg':
../src/helloworld.c:2137:24: warning: 'return' with a value, in function returning void [-Wreturn-type]
 2137 |                 return 0;
      |                        ^
../src/helloworld.c:2128:6: note: declared here
 2128 | void memTxPrg(UartData *udp){
      |      ^~~~~~~~
../src/helloworld.c: In function 'loadTickDrv':
../src/helloworld.c:2681:13: warning: unused variable 'ibuf' [-Wunused-variable]
 2681 |         int ibuf;
      |             ^~~~
../src/helloworld.c: In function 'loadTickMeter':
../src/helloworld.c:2795:13: warning: unused variable 'ibuf' [-Wunused-variable]
 2795 |         int ibuf;
      |             ^~~~
../src/helloworld.c: In function 'loadTickIpc':
../src/helloworld.c:3226:20: warning: unused variable 'status' [-Wunused-variable]
 3226 |                 u8 status=radarData.sspaPowerStatusAA[udp->txPackItemCnt0];
      |                    ^~~~~~
'Finished building: ../src/helloworld.c'
' '
'Building target: syncMain.elf'
'Invoking: MicroBlaze gcc linker'
mb-gcc -Wl,-T -Wl,../src/lscript.ld -LE:/kevin/myCode/microBlaze100/vitisJson/syncBlaze/export/syncBlaze/sw/syncBlaze/standalone_domain/bsplib/lib -mlittle-endian -mcpu=v11.0 -mxl-soft-mul -Wl,--no-relax -Wl,--gc-sections -o "syncMain.elf"  ./src/helloworld.o ./src/platform.o   -Wl,--start-group,-lxil,-lgcc,-lc,--end-group
'Finished building target: syncMain.elf'
' '
'Invoking: MicroBlaze Print Size'
mb-size syncMain.elf  |tee "syncMain.elf.size"
   text	   data	    bss	    dec	    hex	filename
  60760	    492	  42668	 103920	  195f0	syncMain.elf
'Finished building: syncMain.elf.size'
' '
